Godot Engine v4.5.1.stable.mono.official.f62fdbde1 - https://godotengine.org
TextServer: Added interface "Dummy"
TextServer: Added interface "ICU / HarfBuzz / Graphite (Built-in)"
Unrecognized output string "misc2" in mapping:
030000000d0f00000202000000000000,Horipad O Nintendo Switch 2 Controller,a:b1,b:b0,back:b8,dpdown:h0.4,dpleft:h0.8,dpright:h0.2,dpup:h0.1,guide:b12,leftshoulder:b4,leftstick:b10,lefttrigger:b6,leftx:a0,lefty:a1,misc1:b13,misc2:b14,rightshoulder:b5,rightstick:b11,righttrigger:b7,rightx:a2,righty:a3,start:b9,x:b3,y:b2,platform:Windows,
Unrecognized output string "misc2" in mapping:
030000000d0f00009601000000000000,Horipad Steam,a:b0,b:b1,back:b10,dpdown:h0.4,dpleft:h0.8,dpright:h0.2,dpup:h0.1,guide:b12,leftshoulder:b6,leftstick:b13,lefttrigger:b8,leftx:a0,lefty:a1,misc2:b2,paddle1:b5,paddle2:b15,paddle3:b18,paddle4:b19,rightshoulder:b7,rightstick:b14,righttrigger:b9,rightx:a3,righty:a4,start:b11,x:b3,y:b4,platform:Windows,
Unrecognized output string "misc2" in mapping:
030000007e0500006920000000000000,Nintendo Switch 2 Pro Controller,a:b0,b:b1,back:b14,dpdown:b8,dpleft:b10,dpright:b9,dpup:b11,guide:b16,leftshoulder:b12,leftstick:b15,lefttrigger:b13,leftx:a0,lefty:a1~,misc1:b17,misc2:b20,paddle1:b18,paddle2:b19,rightshoulder:b4,rightstick:b7,righttrigger:b5,rightx:a2,righty:a3~,start:b6,x:b2,y:b3,platform:Windows,
Using "default" pen tablet driver...

TextServer: Primary interface set to: "ICU / HarfBuzz / Graphite (Built-in)".
.NET: Initializing module...
Found hostfxr: C:\Users\xenoa\AppData\Local\Microsoft\dotnet/host/fxr/9.0.19/hostfxr.dll
.NET: hostfxr initialized
.NET: GodotPlugins initialized
.NET: Failed to load project assembly
CORE API HASH: 2580361198
EDITOR API HASH: 114773189
Loading resource: res://inspect_card_art.gd
SceneTreeFTI: traversal method DEFAULT
{"alpha_histogram":{"alpha_0":0,"alpha_128_239":1844920,"alpha_16_63":150581,"alpha_1_15":151,"alpha_240_254":1831294,"alpha_255":0,"alpha_64_127":393214},"analysis_format":"RGBA8","corner_alpha":{"bottom_left":25,"bottom_right":24,"top_left":34,"top_right":39},"deterministic_crop":{"height":1672,"interpolation":"Godot Image.INTERPOLATE_LANCZOS","target_height":760,"target_width":1000,"width":2200,"x":156,"y":4},"edge_alpha":{"bottom":{"maximum":211,"minimum":18,"nonzero":2512,"opaque":0,"pixels":2512,"zero":0},"left":{"maximum":116,"minimum":22,"nonzero":1680,"opaque":0,"pixels":1680,"zero":0},"right":{"maximum":168,"minimum":16,"nonzero":1680,"opaque":0,"pixels":1680,"zero":0},"top":{"maximum":223,"minimum":27,"nonzero":2512,"opaque":0,"pixels":2512,"zero":0}},"full_source_preview":{"height":669,"interpolation":"Godot Image.INTERPOLATE_LANCZOS","width":1000},"original_godot_format":5,"pixel_count":4220160,"raw_height":1680,"raw_path":"D:/workspace/slay-the-spire-vivhite-mod/assets/vivhite-ironclad/generated/evolink-paid/2026-08-31/0109-card-closed-domain-mapping-attempt-01/output.png","raw_width":2512,"rgba_byte_count":16880640,"save_errors":{"black":0,"deep_blue_gray":0,"full_source_preview":0,"rgba":0,"white":0},"sourceover_colors":{"black":"#000000","deep_blue_gray":"#182030","white":"#ffffff"},"threshold_bboxes_xyxy_exclusive":{"1":{"bbox":[0,0,2512,1680],"count":4220160},"128":{"bbox":[44,0,2512,1680],"count":3676214},"16":{"bbox":[0,0,2512,1680],"count":4220009},"240":{"bbox":[211,35,2354,1596],"count":1831294},"64":{"bbox":[0,0,2512,1680],"count":4069428}}}
MbedTLS: Some X509 certificates could not be parsed (7 certificates skipped).
Loaded system CA certificates
Unloading: Disposing tracked instances...
Unloading: Finished disposing tracked instances.
XR: Clearing primary interface
XR: Removed interface "Native mobile"
XR: Removed interface "OpenXR"
