[voice 01:23:02] 试听模式
[voice 01:34:03] 试听模式
[voice 02:02:00] 引擎已加载（GPU）
[voice 09:03:42] 试听模式
[voice 09:04:43] 引擎已加载（GPU）
[voice 09:32:18] 试听模式
[voice 09:33:06] 引擎已加载（cpu）
[voice 09:44:45] 语音朗读器上线（模式 sapi）
[voice 09:52:19] 语音朗读器退出
[voice 09:52:33] 语音朗读器上线（模式 sapi）
[voice-once 10:00:13] 开始合成（34 字，device=cpu）
[voice 10:00:28] 语音朗读器上线（模式 hybrid）
[voice 10:03:58] 语音朗读器上线（模式 hybrid）
[voice-once 10:06:13] 合成完成，播放（291372 bytes）
[voice-once 10:10:22] 一次性朗读失败：flash_attn is required for acceleration but not installed. Please install from https://github.com/Dao-AILab/flash-attention/releases/
[voice 10:29:00] 结论段已交给 index-tts（克隆音色，后台合成）
[voice 10:29:05] 语音朗读器退出
[voice 10:29:16] 语音朗读器上线（模式 hybrid）
[voice-once 10:29:50] 引擎加载 35s
[voice-once 10:29:50] 开始合成（128 字，device=cpu）
[voice-once 10:30:43] 一次性朗读失败：'gbk' codec can't encode character '\u2194' in position 115: illegal multibyte sequence
[voice 10:36:22] 语音朗读器上线（模式 hybrid）
[voice 11:16:26] 结论段已交给 index-tts（克隆音色，后台合成）
[voice 11:16:26] 结论段已交给 index-tts（克隆音色，后台合成）
[voice 11:16:31] 语音朗读器退出
[voice 11:16:31] 语音朗读器退出
