[21:52:39] pid=30916 main-entered mode=live
[21:52:39] pid=30916 init-start
[21:52:39] pid=30916 tk-created
[21:52:39] pid=30916 ui-mapped
[21:52:39] pid=30916 ui-built
[21:52:39] pid=30916 init-done
[21:52:39] pid=30916 run-entered
[21:52:39] pid=30916 frame-first
[22:06:35] pid=40860 main-entered mode=live
[22:46:14] pid=38812 main-entered mode=live
[23:01:29] pid=41804 main-entered mode=live
[23:41:41] pid=38664 main-entered mode=live
[23:46:13] pid=41856 main-entered mode=live
[23:54:44] pid=44236 main-entered mode=live
[00:20:03] pid=42172 main-entered mode=live
[00:25:41] pid=30108 main-entered mode=live
[02:08:13] pid=38996 main-entered mode=live
[05:34:19] pid=42360 main-entered mode=live
[05:34:19] pid=42360 init-start
[05:34:21] pid=42360 tk-created
[05:34:21] pid=42360 ui-mapped
[05:34:21] pid=42360 ui-built
[05:34:21] pid=42360 init-done
[05:34:21] pid=42360 run-entered
[05:34:23] pid=42360 frame-first
[05:39:47] pid=26864 main-entered mode=live
[05:39:47] pid=26864 init-start
[05:39:47] pid=26864 tk-created
[05:39:48] pid=26864 ui-mapped
[05:39:48] pid=26864 ui-built
[05:39:48] pid=26864 init-done
[05:39:48] pid=26864 run-entered
[05:39:48] pid=26864 frame-first
